// Jest Snapshot v1, https://goo.gl/fbAQLP

exports[`Currencies Render Currencies Component 1`] = `
<div
  className="main-container"
>
  <h2
    className="home-title"
  >
    Currency Tracker
  </h2>
  <div>
    <input
      className="search-input"
      onChange={[Function]}
      placeholder="Search currency..."
      role="button"
      tabIndex={0}
      type="text"
      value=""
    />
  </div>
  <div
    className="currency-list"
  />
</div>
`;
